[elegencia.pixcelsthemes.com/livepreview/elegencia-main/restaurant/index.html]
[backblue.gif]
[fade.gif]
[index.html]
[elegencia.pixcelsthemes.com/livepreview/elegencia-main/assets/css/plugins/bootstrap.min.css]
[elegencia.pixcelsthemes.com/livepreview/elegencia-main/assets/css/plugins/lightgallery.min.css]
[elegencia.pixcelsthemes.com/livepreview/elegencia-main/assets/css/plugins/swiper.min.css]
[elegencia.pixcelsthemes.com/livepreview/elegencia-main/assets/css/style.css]
[elegencia.pixcelsthemes.com/livepreview/elegencia-main/restaurant/reservations.html]
[elegencia.pixcelsthemes.com/livepreview/elegencia-main/assets/img/logo.png]
[elegencia.pixcelsthemes.com/livepreview/elegencia-main/assets/img/fullWM_1.jpg]
[elegencia.pixcelsthemes.com/livepreview/elegencia-main/restaurant/about.html]
[elegencia.pixcelsthemes.com/livepreview/elegencia-main/assets/img/fullWM_about.jpg]
[elegencia.pixcelsthemes.com/livepreview/elegencia-main/restaurant/menu.html]
[elegencia.pixcelsthemes.com/livepreview/elegencia-main/assets/img/fullWM_menu.jpg]
[elegencia.pixcelsthemes.com/livepreview/elegencia-main/restaurant/chef.html]
[elegencia.pixcelsthemes.com/livepreview/elegencia-main/assets/img/fullWM_chef.jpg]
[elegencia.pixcelsthemes.com/livepreview/elegencia-main/restaurant/contact.html]
[elegencia.pixcelsthemes.com/livepreview/elegencia-main/assets/img/fullWM_contact.jpg]
[elegencia.pixcelsthemes.com/livepreview/elegencia-main/restaurant/home-2.html]
[elegencia.pixcelsthemes.com/livepreview/elegencia-main/restaurant/home-3.html]
[elegencia.pixcelsthemes.com/livepreview/elegencia-main/restaurant/meet-the-chef.html]
[elegencia.pixcelsthemes.com/livepreview/elegencia-main/restaurant/portfolio.html]
[elegencia.pixcelsthemes.com/livepreview/elegencia-main/restaurant/portfolio-details.html]
[elegencia.pixcelsthemes.com/livepreview/elegencia-main/restaurant/blog.html]
[elegencia.pixcelsthemes.com/livepreview/elegencia-main/restaurant/blog-details.html]
[elegencia.pixcelsthemes.com/livepreview/elegencia-main/restaurant/gallery.html]
[elegencia.pixcelsthemes.com/livepreview/elegencia-main/restaurant/404.html]
[elegencia.pixcelsthemes.com/livepreview/elegencia-main/restaurant/comming.html]
[elegencia.pixcelsthemes.com/livepreview/elegencia-main/assets/img/hero_bg_2.jpg]
[elegencia.pixcelsthemes.com/livepreview/elegencia-main/assets/img/gallery_1.jpg]
[elegencia.pixcelsthemes.com/livepreview/elegencia-main/assets/img/gallery_2.jpg]
[elegencia.pixcelsthemes.com/livepreview/elegencia-main/assets/img/gallery_3.jpg]
[elegencia.pixcelsthemes.com/livepreview/elegencia-main/assets/img/item-show.png]
[elegencia.pixcelsthemes.com/livepreview/elegencia-main/assets/img/item-show_2.png]
[elegencia.pixcelsthemes.com/livepreview/elegencia-main/assets/img/testimonial_1.jpg]
[elegencia.pixcelsthemes.com/livepreview/elegencia-main/assets/img/about_open_hour.jpg]
[elegencia.pixcelsthemes.com/livepreview/elegencia-main/assets/img/bestItem2.jpg]
[elegencia.pixcelsthemes.com/livepreview/elegencia-main/assets/img/bestItem1.jpg]
[elegencia.pixcelsthemes.com/livepreview/elegencia-main/assets/img/aboutVideoBg.jpg]
[elegencia.pixcelsthemes.com/livepreview/elegencia-main/assets/img/footer_bg.png]
[elegencia.pixcelsthemes.com/livepreview/elegencia-main/assets/img/Elegencia.png]
[elegencia.pixcelsthemes.com/livepreview/elegencia-main/assets/js/plugins/jquery-3.7.1.min.js]
[elegencia.pixcelsthemes.com/livepreview/elegencia-main/assets/js/plugins/isotope.pkg.min.js]
[elegencia.pixcelsthemes.com/livepreview/elegencia-main/assets/js/plugins/swiper.min.js]
[elegencia.pixcelsthemes.com/livepreview/elegencia-main/assets/js/plugins/lightgallery.min.js]
[elegencia.pixcelsthemes.com/livepreview/elegencia-main/assets/js/plugins/ScrollSmoother.min.js]
[elegencia.pixcelsthemes.com/livepreview/elegencia-main/assets/js/plugins/SplitText.min.js]
[elegencia.pixcelsthemes.com/livepreview/elegencia-main/assets/js/plugins/ScrollTrigger.min.js]
[elegencia.pixcelsthemes.com/livepreview/elegencia-main/assets/js/plugins/ScrollToPlugin.min.js]
[elegencia.pixcelsthemes.com/livepreview/elegencia-main/assets/js/plugins/gsap.min.js]
[elegencia.pixcelsthemes.com/livepreview/elegencia-main/restaurant/index.html]
[elegencia.pixcelsthemes.com/livepreview/elegencia-main/assets/js/main.js]
[elegencia.pixcelsthemes.com/livepreview/elegencia-main/assets/css/plugins/bootstrap.min.css]
[elegencia.pixcelsthemes.com/livepreview/elegencia-main/assets/css/img/vimeo-play.png]
[elegencia.pixcelsthemes.com/livepreview/elegencia-main/assets/css/img/video-play.png]
[elegencia.pixcelsthemes.com/livepreview/elegencia-main/assets/css/img/youtube-play.png]
[elegencia.pixcelsthemes.com/livepreview/elegencia-main/assets/img/loading.gif]
[elegencia.pixcelsthemes.com/livepreview/elegencia-main/assets/css/plugins/lightgallery.min.css]
[elegencia.pixcelsthemes.com/livepreview/elegencia-main/assets/css/plugins/swiper.min.css]
[elegencia.pixcelsthemes.com/livepreview/elegencia-main/assets/css/style.css]
[elegencia.pixcelsthemes.com/livepreview/elegencia-main/assets/img/banner_top_all.png]
[elegencia.pixcelsthemes.com/livepreview/elegencia-main/restaurant/reservations.html]
[elegencia.pixcelsthemes.com/livepreview/elegencia-main/assets/img/about_bg.jpg]
[elegencia.pixcelsthemes.com/livepreview/elegencia-main/restaurant/about.html]
[elegencia.pixcelsthemes.com/livepreview/elegencia-main/assets/img/menuBg.png]
[elegencia.pixcelsthemes.com/livepreview/elegencia-main/assets/img/bessertsMenuBg.png]
[elegencia.pixcelsthemes.com/livepreview/elegencia-main/assets/img/barMenuBg.png]
[elegencia.pixcelsthemes.com/livepreview/elegencia-main/assets/img/item-show_3.png]
[elegencia.pixcelsthemes.com/livepreview/elegencia-main/restaurant/menu.html]
[elegencia.pixcelsthemes.com/livepreview/elegencia-main/assets/img/chef_1.jpg]
[elegencia.pixcelsthemes.com/livepreview/elegencia-main/assets/img/chef_2.jpg]
[elegencia.pixcelsthemes.com/livepreview/elegencia-main/assets/img/chef_3.jpg]
[elegencia.pixcelsthemes.com/livepreview/elegencia-main/assets/img/chef_4.jpg]
[elegencia.pixcelsthemes.com/livepreview/elegencia-main/assets/img/chef_5.jpg]
[elegencia.pixcelsthemes.com/livepreview/elegencia-main/restaurant/chef.html]
[elegencia.pixcelsthemes.com/livepreview/elegencia-main/restaurant/contact.html]
[elegencia.pixcelsthemes.com/livepreview/elegencia-main/assets/img/hero_bg_1.jpg]
[elegencia.pixcelsthemes.com/livepreview/elegencia-main/restaurant/home-2.html]
[elegencia.pixcelsthemes.com/livepreview/elegencia-main/assets/img/hero_bg_3.jpg]
[elegencia.pixcelsthemes.com/livepreview/elegencia-main/restaurant/home-3.html]
[elegencia.pixcelsthemes.com/livepreview/elegencia-main/restaurant/meet-the-chef.html]
[elegencia.pixcelsthemes.com/livepreview/elegencia-main/restaurant/portfolio.html]
[elegencia.pixcelsthemes.com/livepreview/elegencia-main/restaurant/portfolio-details.html]
[elegencia.pixcelsthemes.com/livepreview/elegencia-main/restaurant/blog.html]
[elegencia.pixcelsthemes.com/livepreview/elegencia-main/restaurant/blog-details.html]
[elegencia.pixcelsthemes.com/livepreview/elegencia-main/restaurant/gallery.html]
[elegencia.pixcelsthemes.com/livepreview/elegencia-main/restaurant/404.html]
[elegencia.pixcelsthemes.com/livepreview/elegencia-main/restaurant/room.html]
[elegencia.pixcelsthemes.com/livepreview/elegencia-main/restaurant/about-hotel-resort.html]
[elegencia.pixcelsthemes.com/livepreview/elegencia-main/restaurant/resort.html]
[elegencia.pixcelsthemes.com/livepreview/elegencia-main/restaurant/single-room.html]
[elegencia.pixcelsthemes.com/livepreview/elegencia-main/restaurant/event-list.html]
[elegencia.pixcelsthemes.com/livepreview/elegencia-main/restaurant/event-single-page.html]
[elegencia.pixcelsthemes.com/livepreview/elegencia-main/restaurant/restaurent.html]
[elegencia.pixcelsthemes.com/livepreview/elegencia-main/restaurant/spa-wellness.html]
[elegencia.pixcelsthemes.com/livepreview/elegencia-main/restaurant/hotel-facilities.html]
[elegencia.pixcelsthemes.com/livepreview/elegencia-main/restaurant/faq.html]
[elegencia.pixcelsthemes.com/livepreview/elegencia-main/restaurant/comming.html]
[elegencia.pixcelsthemes.com/livepreview/elegencia-main/assets/js/plugins/jquery-3.7.1.min.js]
[elegencia.pixcelsthemes.com/livepreview/elegencia-main/assets/js/plugins/isotope.pkg.min.js]
[elegencia.pixcelsthemes.com/livepreview/elegencia-main/restaurant/${l}]
[elegencia.pixcelsthemes.com/livepreview/elegencia-main/restaurant/e]
[elegencia.pixcelsthemes.com/livepreview/elegencia-main/restaurant/t.params.url]
[elegencia.pixcelsthemes.com/livepreview/elegencia-main/assets/js/plugins/swiper.min.js]
[elegencia.pixcelsthemes.com/livepreview/elegencia-main/assets/js/plugins/lightgallery.min.js]
[elegencia.pixcelsthemes.com/livepreview/elegencia-main/assets/js/plugins/ScrollSmoother.min.js]
[elegencia.pixcelsthemes.com/livepreview/elegencia-main/assets/js/plugins/SplitText.min.js]
[elegencia.pixcelsthemes.com/livepreview/elegencia-main/assets/js/plugins/ScrollTrigger.min.js]
[elegencia.pixcelsthemes.com/livepreview/elegencia-main/assets/js/plugins/ScrollToPlugin.min.js]
[elegencia.pixcelsthemes.com/livepreview/elegencia-main/assets/js/plugins/gsap.min.js]
[elegencia.pixcelsthemes.com/livepreview/elegencia-main/assets/js/main.js]
[elegencia.pixcelsthemes.com/livepreview/elegencia-main/assets/css/img/vimeo-play.html]
[elegencia.pixcelsthemes.com/livepreview/elegencia-main/assets/css/img/video-play.html]
[elegencia.pixcelsthemes.com/livepreview/elegencia-main/assets/css/img/youtube-play.html]
[elegencia.pixcelsthemes.com/livepreview/elegencia-main/assets/img/loading.html]
[elegencia.pixcelsthemes.com/livepreview/elegencia-main/assets/img/chef_6.html]
[elegencia.pixcelsthemes.com/livepreview/elegencia-main/assets/img/openingHour.html]
[elegencia.pixcelsthemes.com/livepreview/elegencia-main/assets/img/food_item_1.html]
[elegencia.pixcelsthemes.com/livepreview/elegencia-main/assets/img/food_item_2.html]
[elegencia.pixcelsthemes.com/livepreview/elegencia-main/assets/img/food_item_3.html]
[elegencia.pixcelsthemes.com/livepreview/elegencia-main/assets/img/food_item_5.html]
[elegencia.pixcelsthemes.com/livepreview/elegencia-main/assets/img/food_item_4.html]
[elegencia.pixcelsthemes.com/livepreview/elegencia-main/assets/img/testimonial_2.html]
[elegencia.pixcelsthemes.com/livepreview/elegencia-main/assets/img/testimonial_3.html]
[elegencia.pixcelsthemes.com/livepreview/elegencia-main/assets/img/bookingSystemBg.html]
[elegencia.pixcelsthemes.com/livepreview/elegencia-main/assets/img/food-menu.html]
[elegencia.pixcelsthemes.com/livepreview/elegencia-main/assets/img/about_open_hour_2.html]
[elegencia.pixcelsthemes.com/livepreview/elegencia-main/assets/img/meetAbout.html]
[elegencia.pixcelsthemes.com/livepreview/elegencia-main/assets/img/portfolio_2.html]
[elegencia.pixcelsthemes.com/livepreview/elegencia-main/assets/img/portfolio_3.html]
[elegencia.pixcelsthemes.com/livepreview/elegencia-main/assets/img/portfolio_4.html]
[elegencia.pixcelsthemes.com/livepreview/elegencia-main/assets/img/portfolio_5.html]
[elegencia.pixcelsthemes.com/livepreview/elegencia-main/assets/img/portfolio_6.html]
[elegencia.pixcelsthemes.com/livepreview/elegencia-main/assets/img/portfolio_7.html]
[elegencia.pixcelsthemes.com/livepreview/elegencia-main/assets/img/portfolio_8.html]
[elegencia.pixcelsthemes.com/livepreview/elegencia-main/assets/img/portfolio_9.html]
[elegencia.pixcelsthemes.com/livepreview/elegencia-main/assets/img/portfolio.html]
[elegencia.pixcelsthemes.com/livepreview/elegencia-main/assets/img/portfolio_details.html]
[elegencia.pixcelsthemes.com/livepreview/elegencia-main/assets/img/blog_1.html]
[elegencia.pixcelsthemes.com/livepreview/elegencia-main/assets/img/blog_2.html]
[elegencia.pixcelsthemes.com/livepreview/elegencia-main/assets/img/blog_3.html]
[elegencia.pixcelsthemes.com/livepreview/elegencia-main/assets/img/blog_4.html]
[elegencia.pixcelsthemes.com/livepreview/elegencia-main/assets/img/blog_5.html]
[elegencia.pixcelsthemes.com/livepreview/elegencia-main/assets/img/blog_6.html]
[elegencia.pixcelsthemes.com/livepreview/elegencia-main/assets/img/blog_7.html]
[elegencia.pixcelsthemes.com/livepreview/elegencia-main/assets/img/blog_8.html]
[elegencia.pixcelsthemes.com/livepreview/elegencia-main/assets/img/blog_9.html]
[elegencia.pixcelsthemes.com/livepreview/elegencia-main/assets/js/plugins/pagination.min.html]
[elegencia.pixcelsthemes.com/livepreview/elegencia-main/assets/img/blog_detalis.html]
[elegencia.pixcelsthemes.com/livepreview/elegencia-main/assets/img/blog_details_video.html]
[elegencia.pixcelsthemes.com/livepreview/elegencia-main/assets/img/author.html]
[elegencia.pixcelsthemes.com/livepreview/elegencia-main/assets/img/gallery_4.html]
[elegencia.pixcelsthemes.com/livepreview/elegencia-main/assets/img/gallery_5.html]
[elegencia.pixcelsthemes.com/livepreview/elegencia-main/assets/img/gallery_6.html]
[elegencia.pixcelsthemes.com/livepreview/elegencia-main/assets/img/errorBg.html]
[elegencia.pixcelsthemes.com/livepreview/elegencia-main/restaurant/room.html]
[elegencia.pixcelsthemes.com/livepreview/elegencia-main/restaurant/about-hotel-resort.html]
[elegencia.pixcelsthemes.com/livepreview/elegencia-main/restaurant/resort.html]
[elegencia.pixcelsthemes.com/livepreview/elegencia-main/restaurant/single-room.html]
[elegencia.pixcelsthemes.com/livepreview/elegencia-main/restaurant/event-list.html]
[elegencia.pixcelsthemes.com/livepreview/elegencia-main/restaurant/event-single-page.html]
[elegencia.pixcelsthemes.com/livepreview/elegencia-main/restaurant/restaurent.html]
[elegencia.pixcelsthemes.com/livepreview/elegencia-main/restaurant/spa-wellness.html]
[elegencia.pixcelsthemes.com/livepreview/elegencia-main/restaurant/hotel-facilities.html]
[elegencia.pixcelsthemes.com/livepreview/elegencia-main/restaurant/faq.html]
[elegencia.pixcelsthemes.com/livepreview/elegencia-main/restaurant/${l}.html]
[elegencia.pixcelsthemes.com/livepreview/elegencia-main/restaurant/e.html]
[elegencia.pixcelsthemes.com/livepreview/elegencia-main/restaurant/t.params.html]
